// Jest Snapshot v1, https://goo.gl/fbAQLP

exports[`create-proposal tests:
 Must show create proposal dialog: Request CreateProposal with loading 1`] = `
<DocumentFragment>
  <div
    aria-label="dialog-operation-component"
    class="operation"
  >
    <div>
      <h2
        aria-label="dialog-header-operation"
        class="dialog-header"
      >
        Create Proposal
      </h2>
    </div>
    <div
      class="operation_body"
    >
      <h3>
        Account
      </h3>
      <div
        aria-label="operation_item_content"
        class="operation_item_content "
      >
        @keychain.tests
      </div>
      <h3>
        Receiver
      </h3>
      <div
        aria-label="operation_item_content"
        class="operation_item_content "
      >
        @keychain
      </div>
      <h3>
        Title
      </h3>
      <div
        aria-label="operation_item_content"
        class="operation_item_content "
      >
        Create a keychain coin
      </div>
      <h3>
        Permlink
      </h3>
      <div
        aria-label="operation_item_content"
        class="operation_item_content "
      >
        http://hive-keychain.com/coin
      </div>
      <h3>
        Period
      </h3>
      <div
        aria-label="operation_item_content"
        class="operation_item_content "
      >
        21/12/2022 - 21/12/2024
      </div>
      <h3>
        Daily Pay
      </h3>
      <div
        aria-label="operation_item_content"
        class="operation_item_content "
      >
        300 HBD
      </div>
    </div>
    <div
      class="operation_footer no-whitelist"
    >
      <div
        aria-label="whitelist-operation"
        class="whitelist_operation"
      />
      <div
        class="operation_buttons "
      >
        <button
          aria-label="dialog_cancel-button"
          class="submit-button stroked "
        >
          <div
            class="button-label"
          >
            Cancel 
          </div>
        </button>
        <button
          aria-label="dialog_confirm-button"
          class="submit-button raised "
        >
          <div
            class="button-label"
          >
            Confirm 
          </div>
        </button>
      </div>
    </div>
    <div
      aria-label="loading-container"
      class="loading-container hide"
    >
      <div
        class="overlay"
      />
      <img
        aria-label="loading-logo"
        class="rotating-logo"
        src="/assets/images/iconhive.png"
      />
      <div
        class="loading-text"
      >
        Loading...
      </div>
      <div
        class="operations"
      />
    </div>
  </div>
</DocumentFragment>
`;
