// Jest Snapshot v1, https://goo.gl/fbAQLP

exports[`sign-tx tests:
 Must show SignTx dialog(canwhitelist): Request SignTx canwhitelist 1`] = `
<DocumentFragment>
  <div
    aria-label="dialog-operation-component"
    class="operation"
  >
    <div>
      <h2
        aria-label="dialog-header-operation"
        class="dialog-header"
      >
        Sign Transaction
      </h2>
    </div>
    <div
      class="operation_body"
    >
      <h3>
        Account
      </h3>
      <div
        aria-label="operation_item_content"
        class="operation_item_content "
      >
        @keychain.tests
      </div>
      <h3>
        Key
      </h3>
      <div
        aria-label="operation_item_content"
        class="operation_item_content "
      >
        Posting
      </div>
      <h3
        aria-label="clickeable-header"
      >
        Transaction (click to show)
      </h3>
      <div
        aria-label="collapsible-div"
        class="hide"
      >
        <div
          class="operation_item_content"
        >
          <pre
            role="contentinfo"
          >
            {
  "ref_block_num": 1000,
  "ref_block_prefix": 1,
  "expiration": "12/12/2023",
  "operations": [],
  "extensions": []
}
          </pre>
        </div>
      </div>
    </div>
    <div
      class="operation_footer "
    >
      <div
        aria-label="whitelist-operation"
        class="whitelist_operation"
      >
        <div
          class="checkbox-container align-center"
        >
          <div
            class="checkbox-and-label"
          >
            <div
              class="pretty p-default"
            >
              <input
                aria-checked="false"
                id="checkbox-set-keep-inner-input"
                type="checkbox"
                value=""
              />
              <div
                class="state"
              >
                <label
                  for="checkbox-set-keep-inner-input"
                />
              </div>
            </div>
            <div
              aria-label="checkbox-set-keep"
              class="label"
            >
              Do not prompt again to send signTx transactions from the @keychain.tests account on domain
            </div>
          </div>
        </div>
      </div>
      <div
        class="operation_buttons "
      >
        <button
          aria-label="dialog_cancel-button"
          class="submit-button stroked "
        >
          <div
            class="button-label"
          >
            Cancel 
          </div>
        </button>
        <button
          aria-label="dialog_confirm-button"
          class="submit-button raised "
        >
          <div
            class="button-label"
          >
            Confirm 
          </div>
        </button>
      </div>
    </div>
    <div
      aria-label="loading-container"
      class="loading-container hide"
    >
      <div
        class="overlay"
      />
      <img
        aria-label="loading-logo"
        class="rotating-logo"
        src="/assets/images/iconhive.png"
      />
      <div
        class="loading-text"
      >
        Loading...
      </div>
      <div
        class="operations"
      />
    </div>
  </div>
</DocumentFragment>
`;

exports[`sign-tx tests:
 Must show SignTx dialog(no whitelisting): Request SignTx no whitelisting) 1`] = `
<DocumentFragment>
  <div
    aria-label="dialog-operation-component"
    class="operation"
  >
    <div>
      <h2
        aria-label="dialog-header-operation"
        class="dialog-header"
      >
        Sign Transaction
      </h2>
    </div>
    <div
      class="operation_body"
    >
      <h3>
        Account
      </h3>
      <div
        aria-label="operation_item_content"
        class="operation_item_content "
      >
        @keychain.tests
      </div>
      <h3>
        Key
      </h3>
      <div
        aria-label="operation_item_content"
        class="operation_item_content "
      >
        Active
      </div>
      <h3
        aria-label="clickeable-header"
      >
        Transaction (click to show)
      </h3>
      <div
        aria-label="collapsible-div"
        class="hide"
      >
        <div
          class="operation_item_content"
        >
          <pre
            role="contentinfo"
          >
            {
  "ref_block_num": 1000,
  "ref_block_prefix": 1,
  "expiration": "12/12/2023",
  "operations": [],
  "extensions": []
}
          </pre>
        </div>
      </div>
    </div>
    <div
      class="operation_footer no-whitelist"
    >
      <div
        aria-label="whitelist-operation"
        class="whitelist_operation"
      />
      <div
        class="operation_buttons "
      >
        <button
          aria-label="dialog_cancel-button"
          class="submit-button stroked "
        >
          <div
            class="button-label"
          >
            Cancel 
          </div>
        </button>
        <button
          aria-label="dialog_confirm-button"
          class="submit-button raised "
        >
          <div
            class="button-label"
          >
            Confirm 
          </div>
        </button>
      </div>
    </div>
    <div
      aria-label="loading-container"
      class="loading-container hide"
    >
      <div
        class="overlay"
      />
      <img
        aria-label="loading-logo"
        class="rotating-logo"
        src="/assets/images/iconhive.png"
      />
      <div
        class="loading-text"
      >
        Loading...
      </div>
      <div
        class="operations"
      />
    </div>
  </div>
</DocumentFragment>
`;
