// Jest Snapshot v1, https://goo.gl/fbAQLP

exports[`vote tests:
 Must show Vote dialog: Request Vote 1`] = `
<DocumentFragment>
  <div
    aria-label="dialog-operation-component"
    class="operation"
  >
    <div>
      <h2
        aria-label="dialog-header-operation"
        class="dialog-header"
      >
        Vote
      </h2>
    </div>
    <div
      class="operation_body"
    >
      <h3>
        Account
      </h3>
      <div
        aria-label="operation_item_content"
        class="operation_item_content "
      >
        @keychain.tests
      </div>
      <h3>
        Author
      </h3>
      <div
        aria-label="operation_item_content"
        class="operation_item_content "
      >
        @theghost1980
      </div>
      <h3>
        Permlink
      </h3>
      <div
        aria-label="operation_item_content"
        class="operation_item_content "
      >
        https://link.hive
      </div>
      <h3>
        Weight
      </h3>
      <div
        aria-label="operation_item_content"
        class="operation_item_content "
      >
        1%
      </div>
    </div>
    <div
      class="operation_footer "
    >
      <div
        aria-label="whitelist-operation"
        class="whitelist_operation"
      >
        <div
          class="checkbox-container align-center"
        >
          <div
            class="checkbox-and-label"
          >
            <div
              class="pretty p-default"
            >
              <input
                aria-checked="false"
                id="checkbox-set-keep-inner-input"
                type="checkbox"
                value=""
              />
              <div
                class="state"
              >
                <label
                  for="checkbox-set-keep-inner-input"
                />
              </div>
            </div>
            <div
              aria-label="checkbox-set-keep"
              class="label"
            >
              Do not prompt again to send vote transactions from the @keychain.tests account on domain
            </div>
          </div>
        </div>
      </div>
      <div
        class="operation_buttons "
      >
        <button
          aria-label="dialog_cancel-button"
          class="submit-button stroked "
        >
          <div
            class="button-label"
          >
            Cancel 
          </div>
        </button>
        <button
          aria-label="dialog_confirm-button"
          class="submit-button raised "
        >
          <div
            class="button-label"
          >
            Confirm 
          </div>
        </button>
      </div>
    </div>
    <div
      aria-label="loading-container"
      class="loading-container hide"
    >
      <div
        class="overlay"
      />
      <img
        aria-label="loading-logo"
        class="rotating-logo"
        src="/assets/images/iconhive.png"
      />
      <div
        class="loading-text"
      >
        Loading...
      </div>
      <div
        class="operations"
      />
    </div>
  </div>
</DocumentFragment>
`;
